src/app/(app)/news/page.tsx(49,31): error TS2322: Type '{ news: any[]; }' is not assignable to type 'IntrinsicAttributes'.
  Property 'news' does not exist on type 'IntrinsicAttributes'.
